36 jobs
{"dataset": "1000M2", "rep": "0", "aln": "pasta_align", "method": "iqtree_fast", "seconds": 135.3, "cpu_seconds": 134.2, "lnl_tool": -942836.295, "fn_rate": 0.1219758064516129, "fp_rate": 0.12637913741223672, "rf_rate": 0.1238716148445336, "tree": "/opt/data/mlcache/1000M2/R0/trees/pasta_align.iqtree_fast.tre"}
{"dataset": "1000M2", "rep": "1", "aln": "true_align", "method": "iqtree_fast", "seconds": 150.6, "cpu_seconds": 150.2, "lnl_tool": -943698.589, "fn_rate": 0.094662638469285, "fp_rate": 0.09829488465396188, "rf_rate": 0.09628886659979939, "tree": "/opt/data/mlcache/1000M2/R1/trees/true_align.iqtree_fast.tre"}
{"dataset": "1000M2", "rep": "0", "aln": "true_align", "method": "iqtree_fast", "seconds": 151.3, "cpu_seconds": 151.0, "lnl_tool": -932565.951, "fn_rate": 0.10080645161290322, "fp_rate": 0.10531594784353059, "rf_rate": 0.10280842527582748, "tree": "/opt/data/mlcache/1000M2/R0/trees/true_align.iqtree_fast.tre"}
{"dataset": "1000M2", "rep": "0", "aln": "gcm", "method": "iqtree_fast", "seconds": 158.5, "cpu_seconds": 158.0, "lnl_tool": -938139.303, "fn_rate": 0.0967741935483871, "fp_rate": 0.10130391173520562, "rf_rate": 0.09879638916750251, "tree": "/opt/data/mlcache/1000M2/R0/trees/gcm.iqtree_fast.tre"}
{"dataset": "1000M2", "rep": "2", "aln": "gcm", "method": "iqtree_fast", "seconds": 131.9, "cpu_seconds": 131.9, "lnl_tool": -933797.408, "fn_rate": 0.10160965794768612, "fp_rate": 0.10431293881644935, "rf_rate": 0.10280842527582748, "tree": "/opt/data/mlcache/1000M2/R2/trees/gcm.iqtree_fast.tre"}
{"dataset": "1000M2", "rep": "1", "aln": "gcm", "method": "iqtree_fast", "seconds": 160.2, "cpu_seconds": 160.0, "lnl_tool": -952647.692, "fn_rate": 0.11782477341389729, "fp_rate": 0.1213640922768305, "rf_rate": 0.119358074222668, "tree": "/opt/data/mlcache/1000M2/R1/trees/gcm.iqtree_fast.tre"}
{"dataset": "1000M2", "rep": "2", "aln": "true_align", "method": "iqtree_fast", "seconds": 147.0, "cpu_seconds": 146.1, "lnl_tool": -926594.379, "fn_rate": 0.09054325955734406, "fp_rate": 0.09327983951855567, "rf_rate": 0.09177532597793381, "tree": "/opt/data/mlcache/1000M2/R2/trees/true_align.iqtree_fast.tre"}
{"dataset": "1000M2", "rep": "1", "aln": "pasta_align", "method": "iqtree_fast", "seconds": 160.7, "cpu_seconds": 159.6, "lnl_tool": -955017.735, "fn_rate": 0.11883182275931521, "fp_rate": 0.12236710130391174, "rf_rate": 0.12036108324974924, "tree": "/opt/data/mlcache/1000M2/R1/trees/pasta_align.iqtree_fast.tre"}
{"dataset": "1000M3", "rep": "0", "aln": "gcm", "method": "iqtree_fast", "seconds": 84.2, "cpu_seconds": 84.2, "lnl_tool": -766454.615, "fn_rate": 0.07653575025176233, "fp_rate": 0.0802407221664995, "rf_rate": 0.07823470411233702, "tree": "/opt/data/mlcache/1000M3/R0/trees/gcm.iqtree_fast.tre"}
{"dataset": "1000M3", "rep": "0", "aln": "true_align", "method": "iqtree_fast", "seconds": 92.4, "cpu_seconds": 92.2, "lnl_tool": -764705.881, "fn_rate": 0.07955689828801611, "fp_rate": 0.08324974924774323, "rf_rate": 0.08124373119358075, "tree": "/opt/data/mlcache/1000M3/R0/trees/true_align.iqtree_fast.tre"}
{"dataset": "1000M3", "rep": "0", "aln": "pasta_align", "method": "iqtree_fast", "seconds": 78.3, "cpu_seconds": 78.0, "lnl_tool": -767970.155, "fn_rate": 0.07754279959718026, "fp_rate": 0.08124373119358075, "rf_rate": 0.07923771313941826, "tree": "/opt/data/mlcache/1000M3/R0/trees/pasta_align.iqtree_fast.tre"}
{"dataset": "1000M2", "rep": "2", "aln": "pasta_align", "method": "iqtree_fast", "seconds": 118.8, "cpu_seconds": 117.7, "lnl_tool": -935137.028, "fn_rate": 0.08651911468812877, "fp_rate": 0.08926780341023069, "rf_rate": 0.08776328986960882, "tree": "/opt/data/mlcache/1000M2/R2/trees/pasta_align.iqtree_fast.tre"}
{"dataset": "1000M3", "rep": "1", "aln": "pasta_align", "method": "iqtree_fast", "seconds": 76.0, "cpu_seconds": 75.6, "lnl_tool": -771249.52, "fn_rate": 0.05331991951710262, "fp_rate": 0.05616850551654965, "rf_rate": 0.054663991975927785, "tree": "/opt/data/mlcache/1000M3/R1/trees/pasta_align.iqtree_fast.tre"}
{"dataset": "1000M3", "rep": "1", "aln": "true_align", "method": "iqtree_fast", "seconds": 83.6, "cpu_seconds": 83.4, "lnl_tool": -763650.825, "fn_rate": 0.06338028169014084, "fp_rate": 0.06619859578736209, "rf_rate": 0.06469408224674023, "tree": "/opt/data/mlcache/1000M3/R1/trees/true_align.iqtree_fast.tre"}
{"dataset": "1000M3", "rep": "1", "aln": "gcm", "method": "iqtree_fast", "seconds": 108.0, "cpu_seconds": 107.3, "lnl_tool": -767599.493, "fn_rate": 0.06639839034205232, "fp_rate": 0.06920762286860582, "rf_rate": 0.06770310932798396, "tree": "/opt/data/mlcache/1000M3/R1/trees/gcm.iqtree_fast.tre"}
{"dataset": "1000M3", "rep": "2", "aln": "true_align", "method": "iqtree_fast", "seconds": 105.8, "cpu_seconds": 105.5, "lnl_tool": -885200.459, "fn_rate": 0.09859154929577464, "fp_rate": 0.10130391173520562, "rf_rate": 0.09979939819458375, "tree": "/opt/data/mlcache/1000M3/R2/trees/true_align.iqtree_fast.tre"}
{"dataset": "1000M3", "rep": "2", "aln": "gcm", "method": "iqtree_fast", "seconds": 102.8, "cpu_seconds": 102.5, "lnl_tool": -888237.863, "fn_rate": 0.09959758551307847, "fp_rate": 0.10230692076228685, "rf_rate": 0.10080240722166499, "tree": "/opt/data/mlcache/1000M3/R2/trees/gcm.iqtree_fast.tre"}
{"dataset": "1000M3", "rep": "2", "aln": "pasta_align", "method": "iqtree_fast", "seconds": 102.2, "cpu_seconds": 102.0, "lnl_tool": -890198.705, "fn_rate": 0.09959758551307847, "fp_rate": 0.10230692076228685, "rf_rate": 0.10080240722166499, "tree": "/opt/data/mlcache/1000M3/R2/trees/pasta_align.iqtree_fast.tre"}
{"dataset": "1000L1", "rep": "0", "aln": "true_align", "method": "iqtree_fast", "seconds": 145.1, "cpu_seconds": 144.6, "lnl_tool": -947712.473, "fn_rate": 0.09768378650553877, "fp_rate": 0.10130391173520562, "rf_rate": 0.09929789368104312, "tree": "/opt/data/mlcache/1000L1/R0/trees/true_align.iqtree_fast.tre"}
{"dataset": "1000L1", "rep": "0", "aln": "gcm", "method": "iqtree_fast", "seconds": 150.4, "cpu_seconds": 150.1, "lnl_tool": -952985.651, "fn_rate": 0.11681772406847936, "fp_rate": 0.12036108324974924, "rf_rate": 0.11835506519558676, "tree": "/opt/data/mlcache/1000L1/R0/trees/gcm.iqtree_fast.tre"}
{"dataset": "1000L1", "rep": "0", "aln": "pasta_align", "method": "iqtree_fast", "seconds": 149.6, "cpu_seconds": 149.4, "lnl_tool": -952711.526, "fn_rate": 0.10775427995971802, "fp_rate": 0.11133400200601805, "rf_rate": 0.10932798395185557, "tree": "/opt/data/mlcache/1000L1/R0/trees/pasta_align.iqtree_fast.tre"}
{"dataset": "1000L1", "rep": "1", "aln": "true_align", "method": "iqtree_fast", "seconds": 179.5, "cpu_seconds": 178.3, "lnl_tool": -991964.031, "fn_rate": 0.10251256281407035, "fp_rate": 0.10431293881644935, "rf_rate": 0.10330992978936811, "tree": "/opt/data/mlcache/1000L1/R1/trees/true_align.iqtree_fast.tre"}
{"dataset": "1000L1", "rep": "1", "aln": "gcm", "method": "iqtree_fast", "seconds": 176.4, "cpu_seconds": 176.2, "lnl_tool": -995346.009, "fn_rate": 0.10954773869346733, "fp_rate": 0.11133400200601805, "rf_rate": 0.11033099297893681, "tree": "/opt/data/mlcache/1000L1/R1/trees/gcm.iqtree_fast.tre"}
{"dataset": "1000L1", "rep": "1", "aln": "pasta_align", "method": "iqtree_fast", "seconds": 179.3, "cpu_seconds": 178.9, "lnl_tool": -998489.09, "fn_rate": 0.13668341708542714, "fp_rate": 0.13841524573721165, "rf_rate": 0.1374122367101304, "tree": "/opt/data/mlcache/1000L1/R1/trees/pasta_align.iqtree_fast.tre"}
{"dataset": "1000L1", "rep": "2", "aln": "true_align", "method": "iqtree_fast", "seconds": 186.9, "cpu_seconds": 185.8, "lnl_tool": -990779.746, "fn_rate": 0.10483870967741936, "fp_rate": 0.10932798395185557, "rf_rate": 0.10682046138415245, "tree": "/opt/data/mlcache/1000L1/R2/trees/true_align.iqtree_fast.tre"}
{"dataset": "1000L1", "rep": "2", "aln": "gcm", "method": "iqtree_fast", "seconds": 172.2, "cpu_seconds": 171.1, "lnl_tool": -993740.118, "fn_rate": 0.10181451612903226, "fp_rate": 0.10631895687061184, "rf_rate": 0.10381143430290872, "tree": "/opt/data/mlcache/1000L1/R2/trees/gcm.iqtree_fast.tre"}
{"dataset": "RNASim", "rep": "0", "aln": "true_align", "method": "iqtree_fast", "seconds": 137.0, "cpu_seconds": 136.5, "lnl_tool": -944110.136, "fn_rate": 0.1534603811434303, "fp_rate": 0.1534603811434303, "rf_rate": 0.1534603811434303, "tree": "/opt/data/mlcache/RNASim/R0/trees/true_align.iqtree_fast.tre"}
{"dataset": "1000L1", "rep": "2", "aln": "pasta_align", "method": "iqtree_fast", "seconds": 171.2, "cpu_seconds": 170.6, "lnl_tool": -995868.76, "fn_rate": 0.10987903225806452, "fp_rate": 0.11434302908726178, "rf_rate": 0.11183550651955868, "tree": "/opt/data/mlcache/1000L1/R2/trees/pasta_align.iqtree_fast.tre"}
