1 jobs
11  jobsjobs

{"dataset": "Park1000M1HF", "rep": "1", "aln": "true_align", "method": "raxmlng", "seconds": 1998.7, "cpu_seconds": 1965.6, "lnl_tool": -639521.792738, "fn_rate": 0.2330978809283552, "fp_rate": 0.23771313941825475, "rf_rate": 0.23470411233701102, "tree": "/opt/data/mlcache/Park1000M1HF/R1/trees/true_align.raxmlng.tre"}
{"dataset": "Park1000M1HF", "rep": "0", "aln": "true_align", "method": "raxmlng", "seconds": 2343.8, "cpu_seconds": 2312.2, "lnl_tool": -645720.094932, "fn_rate": 0.2178714859437751, "fp_rate": 0.21865596790371114, "rf_rate": 0.2181544633901705, "tree": "/opt/data/mlcache/Park1000M1HF/R0/trees/true_align.raxmlng.tre"}
1 jobs
{"dataset": "Park1000M1HF", "rep": "0", "aln": "true_align", "method": "raxmlng_from_iqtree_fast", "seconds": 2607.3, "cpu_seconds": 2555.2, "lnl_tool": -645718.10412, "fn_rate": 0.20481927710843373, "fp_rate": 0.20561685055165496, "rf_rate": 0.20511534603811435, "tree": "/opt/data/mlcache/Park1000M1HF/R0/trees/true_align.raxmlng_from_iqtree_fast.tre"}
1 jobs
{"dataset": "Park1000M1HF", "rep": "0", "aln": "true_align", "backbone": "fasttree", "n_backbone": 522, "backbone_fn": 0.12355212355212356, "method": "frag_constr_fasttree", "seconds": 772.1, "cpu_seconds": 760.7, "lnl_tool": -645755.114553, "fn_rate": 0.20883534136546184, "rf_rate": 0.2091273821464393}
{"dataset": "Park1000M1HF", "rep": "0", "aln": "true_align", "backbone": "fasttree", "n_backbone": 522, "backbone_fn": 0.12355212355212356, "method": "frag_polish_fasttree", "seconds": 3116.6, "cpu_seconds": 3073.9, "lnl_tool": -645721.803285, "fn_rate": 0.20783132530120482, "rf_rate": 0.20812437311935808}
1 jobs
{"dataset": "Park1000M1HF", "rep": "1", "aln": "true_align", "method": "raxmlng_from_iqtree_fast", "seconds": 2507.9, "cpu_seconds": 2465.3, "lnl_tool": -639523.171319, "fn_rate": 0.23612512613521694, "fp_rate": 0.24072216649949849, "rf_rate": 0.23771313941825475, "tree": "/opt/data/mlcache/Park1000M1HF/R1/trees/true_align.raxmlng_from_iqtree_fast.tre"}
1 jobs
{"dataset": "Park1000M1HF", "rep": "1", "aln": "true_align", "backbone": "fasttree", "n_backbone": 528, "backbone_fn": 0.12476007677543186, "method": "frag_constr_fasttree", "seconds": 718.1, "cpu_seconds": 707.5, "lnl_tool": -639553.752808, "fn_rate": 0.2391523713420787, "rf_rate": 0.24072216649949849}
{"dataset": "Park1000M1HF", "rep": "1", "aln": "true_align", "backbone": "fasttree", "n_backbone": 528, "backbone_fn": 0.12476007677543186, "method": "frag_polish_fasttree", "seconds": 2959.5, "cpu_seconds": 2908.7, "lnl_tool": -639517.262411, "fn_rate": 0.23612512613521694, "rf_rate": 0.23771313941825475}
1 jobs
{"dataset": "1000M2", "rep": "0", "aln": "gcm", "method": "raxmlng", "seconds": 2738.6, "cpu_seconds": 2703.7, "lnl_tool": -938029.173716, "fn_rate": 0.09879032258064516, "fp_rate": 0.10330992978936811, "rf_rate": 0.10080240722166499, "tree": "/opt/data/mlcache/1000M2/R0/trees/gcm.raxmlng.tre"}
1 jobs
{"dataset": "1000M2", "rep": "0", "aln": "gcm", "method": "raxmlng_ft", "seconds": 2871.0, "cpu_seconds": 2833.6, "lnl_tool": -938029.482461, "fn_rate": 0.09475806451612903, "fp_rate": 0.09929789368104312, "rf_rate": 0.09679037111334002, "tree": "/opt/data/mlcache/1000M2/R0/trees/gcm.raxmlng_ft.tre"}
{"dataset": "1000L1", "rep": "0", "aln": "gcm", "method": "raxmlng", "seconds": 2363.6, "cpu_seconds": 2336.0, "lnl_tool": -952883.626209, "fn_rate": 0.12185297079556898, "fp_rate": 0.12537612838515547, "rf_rate": 0.12337011033099297, "tree": "/opt/data/mlcache/1000L1/R0/trees/gcm.raxmlng.tre"}
1 jobs
{"dataset": "1000L1", "rep": "0", "aln": "gcm", "method": "raxmlng_ft", "seconds": 2334.1, "cpu_seconds": 2296.1, "lnl_tool": -952881.473884, "fn_rate": 0.11278952668680765, "fp_rate": 0.11634904714142427, "rf_rate": 0.11434302908726178, "tree": "/opt/data/mlcache/1000L1/R0/trees/gcm.raxmlng_ft.tre"}
1 jobs
{"dataset": "Park1000M1HF", "rep": "2", "aln": "true_align", "method": "raxmlng", "seconds": 2222.6, "cpu_seconds": 2190.2, "lnl_tool": -648453.437595, "fn_rate": 0.256797583081571, "fp_rate": 0.2597793380140421, "rf_rate": 0.2577733199598796, "tree": "/opt/data/mlcache/Park1000M1HF/R2/trees/true_align.raxmlng.tre"}
1 jobs
{"dataset": "Park1000M1HF", "rep": "2", "aln": "true_align", "backbone": "fasttree", "n_backbone": 517, "backbone_fn": 0.12890625, "method": "frag_constr_fasttree", "seconds": 719.3, "cpu_seconds": 711.3, "lnl_tool": -648518.391042, "fn_rate": 0.25176233635448136, "rf_rate": 0.25275827482447344}
{"dataset": "Park1000M1HF", "rep": "2", "aln": "true_align", "backbone": "fasttree", "n_backbone": 517, "backbone_fn": 0.12890625, "method": "frag_polish_fasttree", "seconds": 3013.0, "cpu_seconds": 2965.8, "lnl_tool": -648449.05565, "fn_rate": 0.23967774420946628, "rf_rate": 0.24072216649949849}
