45 jobs
{"dataset": "RNASim", "rep": "1", "aln": "true_align", "method": "fasttree", "seconds": 314.7, "lnl_tool": -928571.218, "fn_rate": 0.1514543630892678, "fp_rate": 0.1514543630892678, "rf_rate": 0.1514543630892678, "tree": "/opt/data/mlcache/RNASim/R1/trees/true_align.fasttree.tre"}
{"dataset": "RNASim", "rep": "0", "aln": "pasta_align", "method": "fasttree", "seconds": 330.3, "lnl_tool": -956910.507, "fn_rate": 0.13039117352056168, "fp_rate": 0.13039117352056168, "rf_rate": 0.13039117352056168, "tree": "/opt/data/mlcache/RNASim/R0/trees/pasta_align.fasttree.tre"}
{"dataset": "RNASim", "rep": "0", "aln": "true_align", "method": "fasttree", "seconds": 333.8, "lnl_tool": -938774.272, "fn_rate": 0.1334002006018054, "fp_rate": 0.1334002006018054, "rf_rate": 0.1334002006018054, "tree": "/opt/data/mlcache/RNASim/R0/trees/true_align.fasttree.tre"}
{"dataset": "RNASim", "rep": "0", "aln": "gcm", "method": "fasttree", "seconds": 411.1, "lnl_tool": -958115.072, "fn_rate": 0.1444332998996991, "fp_rate": 0.1444332998996991, "rf_rate": 0.1444332998996991, "tree": "/opt/data/mlcache/RNASim/R0/trees/gcm.fasttree.tre"}
{"dataset": "RNASim", "rep": "1", "aln": "pasta_align", "method": "fasttree", "seconds": 320.9, "lnl_tool": -945980.228, "fn_rate": 0.14744232698094284, "fp_rate": 0.14744232698094284, "rf_rate": 0.14744232698094284, "tree": "/opt/data/mlcache/RNASim/R1/trees/pasta_align.fasttree.tre"}
{"dataset": "RNASim", "rep": "2", "aln": "true_align", "method": "fasttree", "seconds": 333.6, "lnl_tool": -940649.703, "fn_rate": 0.16850551654964896, "fp_rate": 0.16850551654964896, "rf_rate": 0.16850551654964896, "tree": "/opt/data/mlcache/RNASim/R2/trees/true_align.fasttree.tre"}
{"dataset": "RNASim", "rep": "1", "aln": "gcm", "method": "fasttree", "seconds": 406.7, "lnl_tool": -947557.256, "fn_rate": 0.1624874623871615, "fp_rate": 0.1624874623871615, "rf_rate": 0.1624874623871615, "tree": "/opt/data/mlcache/RNASim/R1/trees/gcm.fasttree.tre"}
{"dataset": "RNASim", "rep": "2", "aln": "gcm", "method": "fasttree", "seconds": 416.7, "lnl_tool": -960412.347, "fn_rate": 0.17753259779338015, "fp_rate": 0.17753259779338015, "rf_rate": 0.17753259779338015, "tree": "/opt/data/mlcache/RNASim/R2/trees/gcm.fasttree.tre"}
{"dataset": "1000M2", "rep": "0", "aln": "true_align", "method": "fasttree_pasta", "seconds": 213.6, "lnl_tool": -929961.871, "fn_rate": 0.10181451612903226, "fp_rate": 0.10631895687061184, "rf_rate": 0.10381143430290872, "tree": "/opt/data/mlcache/1000M2/R0/trees/true_align.fasttree_pasta.tre"}
{"dataset": "1000M2", "rep": "0", "aln": "gcm", "method": "fasttree_pasta", "seconds": 209.5, "lnl_tool": -935719.566, "fn_rate": 0.10685483870967742, "fp_rate": 0.11133400200601805, "rf_rate": 0.10882647943831494, "tree": "/opt/data/mlcache/1000M2/R0/trees/gcm.fasttree_pasta.tre"}
{"dataset": "RNASim", "rep": "2", "aln": "pasta_align", "method": "fasttree", "seconds": 323.5, "lnl_tool": -959779.576, "fn_rate": 0.17251755265797392, "fp_rate": 0.17251755265797392, "rf_rate": 0.17251755265797392, "tree": "/opt/data/mlcache/RNASim/R2/trees/pasta_align.fasttree.tre"}
{"dataset": "1000M2", "rep": "0", "aln": "pasta_align", "method": "fasttree_pasta", "seconds": 183.1, "lnl_tool": -940315.275, "fn_rate": 0.11290322580645161, "fp_rate": 0.11735205616850551, "rf_rate": 0.1148445336008024, "tree": "/opt/data/mlcache/1000M2/R0/trees/pasta_align.fasttree_pasta.tre"}
{"dataset": "1000M2", "rep": "1", "aln": "true_align", "method": "fasttree_pasta", "seconds": 232.7, "lnl_tool": -941143.7, "fn_rate": 0.08862034239677745, "fp_rate": 0.09227683049147442, "rf_rate": 0.09027081243731194, "tree": "/opt/data/mlcache/1000M2/R1/trees/true_align.fasttree_pasta.tre"}
{"dataset": "1000M2", "rep": "1", "aln": "gcm", "method": "fasttree_pasta", "seconds": 226.7, "lnl_tool": -950239.482, "fn_rate": 0.12084592145015106, "fp_rate": 0.12437311935807423, "rf_rate": 0.12236710130391174, "tree": "/opt/data/mlcache/1000M2/R1/trees/gcm.fasttree_pasta.tre"}
{"dataset": "1000M2", "rep": "1", "aln": "pasta_align", "method": "fasttree_pasta", "seconds": 189.0, "lnl_tool": -952569.588, "fn_rate": 0.10070493454179255, "fp_rate": 0.10431293881644935, "rf_rate": 0.10230692076228685, "tree": "/opt/data/mlcache/1000M2/R1/trees/pasta_align.fasttree_pasta.tre"}
{"dataset": "1000M2", "rep": "2", "aln": "true_align", "method": "fasttree_pasta", "seconds": 213.6, "lnl_tool": -923757.168, "fn_rate": 0.0875251509054326, "fp_rate": 0.09027081243731194, "rf_rate": 0.08876629889669008, "tree": "/opt/data/mlcache/1000M2/R2/trees/true_align.fasttree_pasta.tre"}
{"dataset": "1000M3", "rep": "0", "aln": "true_align", "method": "fasttree_pasta", "seconds": 135.1, "lnl_tool": -761668.611, "fn_rate": 0.08157099697885196, "fp_rate": 0.08525576730190572, "rf_rate": 0.08324974924774323, "tree": "/opt/data/mlcache/1000M3/R0/trees/true_align.fasttree_pasta.tre"}
{"dataset": "1000M2", "rep": "2", "aln": "gcm", "method": "fasttree_pasta", "seconds": 212.0, "lnl_tool": -931008.888, "fn_rate": 0.09758551307847083, "fp_rate": 0.10030090270812438, "rf_rate": 0.09879638916750251, "tree": "/opt/data/mlcache/1000M2/R2/trees/gcm.fasttree_pasta.tre"}
{"dataset": "1000M2", "rep": "2", "aln": "pasta_align", "method": "fasttree_pasta", "seconds": 178.9, "lnl_tool": -932259.147, "fn_rate": 0.09054325955734406, "fp_rate": 0.09327983951855567, "rf_rate": 0.09177532597793381, "tree": "/opt/data/mlcache/1000M2/R2/trees/pasta_align.fasttree_pasta.tre"}
{"dataset": "1000M3", "rep": "0", "aln": "gcm", "method": "fasttree_pasta", "seconds": 134.9, "lnl_tool": -763556.752, "fn_rate": 0.07653575025176233, "fp_rate": 0.0802407221664995, "rf_rate": 0.07823470411233702, "tree": "/opt/data/mlcache/1000M3/R0/trees/gcm.fasttree_pasta.tre"}
{"dataset": "1000M3", "rep": "0", "aln": "pasta_align", "method": "fasttree_pasta", "seconds": 124.8, "lnl_tool": -765048.573, "fn_rate": 0.07452165156092648, "fp_rate": 0.07823470411233702, "rf_rate": 0.07622868605817452, "tree": "/opt/data/mlcache/1000M3/R0/trees/pasta_align.fasttree_pasta.tre"}
{"dataset": "1000M3", "rep": "1", "aln": "true_align", "method": "fasttree_pasta", "seconds": 135.9, "lnl_tool": -760460.974, "fn_rate": 0.06338028169014084, "fp_rate": 0.06619859578736209, "rf_rate": 0.06469408224674023, "tree": "/opt/data/mlcache/1000M3/R1/trees/true_align.fasttree_pasta.tre"}
{"dataset": "1000M3", "rep": "1", "aln": "gcm", "method": "fasttree_pasta", "seconds": 138.6, "lnl_tool": -764338.867, "fn_rate": 0.059356136820925554, "fp_rate": 0.062186559679037114, "rf_rate": 0.06068204613841525, "tree": "/opt/data/mlcache/1000M3/R1/trees/gcm.fasttree_pasta.tre"}
{"dataset": "1000M3", "rep": "1", "aln": "pasta_align", "method": "fasttree_pasta", "seconds": 126.4, "lnl_tool": -768003.403, "fn_rate": 0.05533199195171026, "fp_rate": 0.058174523570712136, "rf_rate": 0.05667001003009027, "tree": "/opt/data/mlcache/1000M3/R1/trees/pasta_align.fasttree_pasta.tre"}
{"dataset": "1000M3", "rep": "2", "aln": "true_align", "method": "fasttree_pasta", "seconds": 174.3, "lnl_tool": -882143.952, "fn_rate": 0.09356136820925554, "fp_rate": 0.09628886659979939, "rf_rate": 0.09478435305917753, "tree": "/opt/data/mlcache/1000M3/R2/trees/true_align.fasttree_pasta.tre"}
{"dataset": "1000M3", "rep": "2", "aln": "pasta_align", "method": "fasttree_pasta", "seconds": 142.9, "lnl_tool": -887261.639, "fn_rate": 0.08450704225352113, "fp_rate": 0.08726178535606821, "rf_rate": 0.08575727181544635, "tree": "/opt/data/mlcache/1000M3/R2/trees/pasta_align.fasttree_pasta.tre"}
{"dataset": "1000M3", "rep": "2", "aln": "gcm", "method": "fasttree_pasta", "seconds": 156.8, "lnl_tool": -885230.181, "fn_rate": 0.08953722334004025, "fp_rate": 0.09227683049147442, "rf_rate": 0.09077231695085256, "tree": "/opt/data/mlcache/1000M3/R2/trees/gcm.fasttree_pasta.tre"}
{"dataset": "1000L1", "rep": "0", "aln": "true_align", "method": "fasttree_pasta", "seconds": 166.8, "lnl_tool": -945050.736, "fn_rate": 0.09768378650553877, "fp_rate": 0.10130391173520562, "rf_rate": 0.09929789368104312, "tree": "/opt/data/mlcache/1000L1/R0/trees/true_align.fasttree_pasta.tre"}
