0.25 0.0 0.0 400 0 1.0
0.25 0.0 0.5 400 0 1.0
0.25 0.0 1.0 400 0 1.0
0.25 0.5 0.0 400 0 0.9998
0.25 0.5 0.5 400 0 0.9994
0.25 0.5 1.0 400 0 0.9877
0.25 1.0 0.0 400 0 0.9987
0.25 1.0 0.5 400 0 0.9841
0.25 1.0 1.0 400 0 0.9216
0.25 2.0 0.0 400 0 0.9922
0.25 2.0 0.5 400 0 0.9814
0.25 2.0 1.0 400 0 0.8383
0.5 0.0 0.0 400 0 1.0
0.5 0.0 0.5 400 0 1.0
0.5 0.0 1.0 400 0 1.0
0.5 0.5 0.0 400 0 0.9981
0.5 0.5 0.5 400 0 0.9939
0.5 0.5 1.0 400 0 0.9736
0.5 1.0 0.0 400 0 0.9882
0.5 1.0 0.5 400 0 0.9469
0.5 1.0 1.0 400 0 0.5399
0.5 2.0 0.0 400 0 0.9409
0.5 2.0 0.5 400 0 0.6697
0.5 2.0 1.0 400 0 0.6307
1 0.0 0.0 400 0 1.0
1 0.0 0.5 400 0 1.0
1 0.0 1.0 400 0 1.0
1 0.5 0.0 400 0 0.9864
1 0.5 0.5 400 0 0.9506
1 0.5 1.0 400 0 0.7069
1 1.0 0.0 400 0 0.9261
1 1.0 0.5 400 0 0.8507
1 1.0 1.0 400 0 0.4778
1 2.0 0.0 400 0 0.7372
1 2.0 0.5 400 0 0.3256
1 2.0 1.0 398 0 0.1791
2 0.0 0.0 400 0 1.0
2 0.0 0.5 400 0 1.0
2 0.0 1.0 400 0 1.0
2 0.5 0.0 400 0 0.9379
2 0.5 0.5 400 0 0.7015
2 0.5 1.0 399 0 0.6945
2 1.0 0.0 400 0 0.7154
2 1.0 0.5 400 0 0.4367
2 1.0 1.0 400 0 0.2732
2 2.0 0.0 400 0 0.4341
2 2.0 0.5 400 0 0.2611
2 2.0 1.0 386 0 0.134
4 0.0 0.0 400 0 1.0
4 0.0 0.5 400 0 1.0
4 0.0 1.0 400 0 1.0
4 0.5 0.0 400 0 0.8407
4 0.5 0.5 400 0 0.5098
4 0.5 1.0 399 0 0.3027
4 1.0 0.0 400 0 0.4004
4 1.0 0.5 400 0 0.2014
4 1.0 1.0 390 1 -0.0219
4 2.0 0.0 400 0 0.1684
4 2.0 0.5 396 0 0.0231
4 2.0 1.0 310 2 -0.1391
8 0.0 0.0 400 0 1.0
8 0.0 0.5 400 0 1.0
8 0.0 1.0 400 0 1.0
8 0.5 0.0 400 0 0.7643
8 0.5 0.5 400 0 0.2843
8 0.5 1.0 393 0 0.0949
8 1.0 0.0 400 0 0.1763
8 1.0 0.5 400 0 0.0222
8 1.0 1.0 347 1 -0.0563
8 2.0 0.0 400 0 0.1055
8 2.0 0.5 315 0 0.0518
8 2.0 1.0 206 1 -0.1101
16 0.0 0.0 400 0 1.0
16 0.0 0.5 400 0 1.0
16 0.0 1.0 400 0 1.0
16 0.5 0.0 400 0 0.7389
16 0.5 0.5 400 1 -0.0933
16 0.5 1.0 373 2 -0.1947
16 1.0 0.0 400 0 0.0773
16 1.0 0.5 383 0 0.0063
16 1.0 1.0 289 2 -1.0
16 2.0 0.0 115 0 0.1809
16 2.0 0.5 145 3 -0.0627
16 2.0 1.0 109 1 -0.1169
